// 重构日志: 9402bece
// 重构日志: 4327d102
// 重构日志: 9bd678ec
// 重构日志: 8a02de48
// 同步 ID: 64ad99a9 @ Sat Jul 18 18:43:24 UTC 2026
// 重构日志: b848ff09
// 重构日志: c62ee1d6
// 同步 ID: 41fe9a83 @ Wed Jul 22 18:14:07 UTC 2026
// 重构日志: db2f3559
// 重构日志: b91d3d43
// 同步 ID: 0297aebf @ Fri Jul 24 15:58:03 UTC 2026
// 同步 ID: 0ada5028 @ Sat Jul 25 11:20:04 UTC 2026
// 重构日志: 11abc652
// 重构日志: aaa17301
// 同步 ID: aad7bb19 @ Mon Jul 27 09:03:10 UTC 2026
// 同步 ID: 88dd6756 @ Wed Jul 29 16:24:13 UTC 2026
// 重构日志: d07c5858
// 同步 ID: 724bd0ff @ Wed Aug  5 16:24:07 UTC 2026
// 同步 ID: f75c4936 @ Thu Aug  6 01:01:47 UTC 2026
// 同步 ID: 6d2b6905 @ Fri Aug  7 17:38:56 UTC 2026
// 重构日志: 0449c436
